08-26 14:09:08.084 11496 11625 I 한번  : 모드 dwelling
08-26 14:09:11.595 11496 11496 I 한번  : 이동 됨 -1->0/30 android.widget.Button "" y=249 clickable=true
08-26 14:09:11.595 11496 11496 I 한번  : next -> 됨 (앞: com.android.chrome)
08-26 14:09:13.485 11496 11625 I 한번  : 모드 scanning
08-26 14:09:13.528 11496 11496 I 한번  : 컨트롤러 자리 Rect(506, 1685 - 1068, 2193)
08-26 14:09:14.008 11496 11626 D 한번  : 받음 3바이트: P
08-26 14:09:14.082 11496 11626 D 한번  : 받음 2바이트: R
08-26 14:09:14.086 11496 11626 D 한번  : 받음 1바이트: 
08-26 14:09:14.088 11496 11626 I 한번  : 모드 dwelling
08-26 14:09:14.092 11496 11626 I 한번  : 간격 {"fromMs":3600,"reason":"최근 반응이 빨라져 3.6초 → 3.2초","toMs":3240}
08-26 14:09:14.131 11496 11496 I 한번  : 컨트롤러 자리 Rect(506, 1680 - 1068, 2193)
08-26 14:09:15.594 11496 11626 I 한번  : 이동 됨 0->1/30 android.view.View "Wikipedia" y=285 clickable=true
08-26 14:09:15.596 11496 11626 D 한번  : 받음 1바이트: 
08-26 14:09:15.597 11496 11626 D 한번  : 받음 6바이트: P
08-26 14:09:15.597 11496 11626 D 한번  : R
08-26 14:09:17.414 11496 11626 I 한번  : 이동 됨 1->2/30 android.widget.Button "Ricerca" y=249 clickable=true
08-26 14:09:17.416 11496 11626 D 한번  : 받음 4바이트: P
08-26 14:09:17.417 11496 11626 D 한번  : 받음 9바이트: R
08-26 14:09:17.417 11496 11626 D 한번  : P
08-26 14:09:17.417 11496 11626 D 한번  : R
08-26 14:09:17.459 11496 11626 I 한번  : 이동 됨 2->3/30 android.widget.Button "Menu utente" y=249 clickable=true
08-26 14:09:17.620 11496 11626 D 한번  : 받음 3바이트: P
08-26 14:09:17.768 11496 11626 D 한번  : 받음 3바이트: R
08-26 14:09:17.826 11496 11626 I 한번  : 이동 됨 3->4/30 android.view.View "Benvenuti" y=432 clickable=true
08-26 14:09:18.042 11496 11626 D 한번  : 받음 3바이트: P
08-26 14:09:18.182 11496 11626 D 한번  : 받음 3바이트: R
08-26 14:09:18.225 11496 11626 I 한번  : 이동 됨 4->5/30 android.view.View "Wikipedia" y=432 clickable=true
08-26 14:09:18.515 11496 11626 D 한번  : 받음 3바이트: P
08-26 14:09:18.628 11496 11626 D 한번  : 받음 3바이트: R
08-26 14:09:18.666 11496 11626 I 한번  : 이동 됨 5->6/30 android.view.View "libera" y=569 clickable=true
08-26 14:09:23.501 11496 11625 I 한번  : 모드 scanning
08-26 14:09:23.541 11496 11496 I 한번  : 컨트롤러 자리 Rect(506, 1685 - 1068, 2193)
08-26 14:09:24.084 11496 11626 D 한번  : 받음 3바이트: P
08-26 14:09:24.162 11496 11626 D 한번  : 받음 3바이트: R
08-26 14:09:24.164 11496 11626 I 한번  : 모드 confirm
08-26 14:09:24.167 11496 11626 I 한번  : 간격 {"fromMs":3240,"reason":"최근 반응이 빨라져 3.2초 → 2.9초","toMs":2916}
08-26 14:09:24.175 11496 11626 I 한번  : 두드림 보냄 (535, 603) android.view.View "libera" y=569 clickable=true
08-26 14:09:24.205 11496 11496 I 한번  : 컨트롤러 자리 Rect(506, 1680 - 1068, 2193)
08-26 14:09:27.170 11496 11625 I 한번  : 모드 dwelling
08-26 14:09:31.547 11496 11625 I 한번  : 모드 scanning
08-26 14:09:31.584 11496 11496 I 한번  : 컨트롤러 자리 Rect(506, 1685 - 1068, 2193)
08-26 14:09:34.411 11496 11626 D 한번  : 읽기 대기 중 (마지막 결과 -1)
08-26 14:09:38.893 11496 11496 I 한번  : 두드림 보냄 (535, 603) android.view.View "libera" y=569 clickable=true
08-26 14:09:38.894 11496 11496 I 한번  : select -> 됨 (앞: com.android.chrome)
08-26 14:09:39.362 11496 11626 D 한번  : 받음 3바이트: P
08-26 14:09:39.470 11496 11626 D 한번  : 받음 3바이트: R
08-26 14:09:39.472 11496 11626 I 한번  : 모드 dwelling
08-26 14:09:39.476 11496 11626 I 한번  : 간격 {"fromMs":2916,"reason":"최근 반응이 빨라져 2.9초 → 2.6초","toMs":2625}
08-26 14:09:39.526 11496 11496 I 한번  : 컨트롤러 자리 Rect(506, 1680 - 1068, 2193)
08-26 14:09:40.023 11496 11626 I 한번  : 이동 됨 -1->17/26 android.view.View "Divina Commedia" y=2001 clickable=true
08-26 14:09:40.025 11496 11626 D 한번  : 받음 3바이트: P
08-26 14:09:40.026 11496 11626 D 한번  : 받음 2바이트: 
08-26 14:09:40.104 11496 11626 D 한번  : 받음 3바이트: P
08-26 14:09:40.226 11496 11626 D 한번  : 받음 3바이트: R
08-26 14:09:40.519 11496 11626 I 한번  : 이동 됨 17->16/26 android.view.View "Dante Alighieri" y=1925 clickable=true
08-26 14:09:40.521 11496 11626 D 한번  : 받음 2바이트: P
08-26 14:09:40.522 11496 11626 D 한번  : 받음 1바이트: 
08-26 14:09:40.594 11496 11626 D 한번  : 받음 3바이트: R
08-26 14:09:40.635 11496 11626 I 한번  : 이동 됨 16->15/26 android.view.View "Libertà va cercando, ch'è sì cara" y=1644 clickable=true
08-26 14:09:40.828 11496 11626 D 한번  : 받음 3바이트: P
08-26 14:09:40.927 11496 11626 D 한번  : 받음 3바이트: R
08-26 14:09:40.964 11496 11626 I 한번  : 이동 됨 15->14/26 android.view.View "Wikimedia Foundation Vision Statement" y=1399 clickable=true
08-26 14:09:41.188 11496 11626 D 한번  : 받음 3바이트: P
08-26 14:09:41.291 11496 11626 D 한번  : 받음 1바이트: R
08-26 14:09:41.296 11496 11626 D 한번  : 받음 2바이트: 
08-26 14:09:41.338 11496 11626 I 한번  : 이동 됨 14->13/26 android.view.View "libero accesso" y=977 clickable=true
